02:48:04 - [INFO] - CYRAX - ============================================================
02:48:04 - [INFO] - CYRAX - CYRAX 3.0 BOOT SEQUENCE — Phase 1 (Synchronous)
02:48:04 - [INFO] - CYRAX - ============================================================
02:48:04 - [INFO] - CYRAX.bootstrap - Validating environment configuration...
02:48:04 - [WARNING] - CYRAX.bootstrap - [STUB BOOT] Optional env var not set: CYRAX_EMAIL — dependent features will be unavailable.
02:48:04 - [WARNING] - CYRAX.bootstrap - [STUB BOOT] Optional env var not set: CYRAX_EMAIL_PASSWORD — dependent features will be unavailable.
02:48:04 - [INFO] - CYRAX.bootstrap - Environment validation passed.
02:48:04 - [INFO] - CYRAX - Initialising tool registry...
02:48:04 - [INFO] - CYRAX.bootstrap - [STUB] ToolRegistry: 9 tools registered (stub entries, no real execution).
02:48:04 - [INFO] - CYRAX - Tool registry: 9 tools mounted. ✓
02:48:04 - [INFO] - CYRAX - Initialising brain router...
02:48:04 - [INFO] - CYRAX - Brain router: stub provider active. ✓
02:48:04 - [INFO] - CYRAX - Initialising memory stack...
02:48:04 - [INFO] - CYRAX.bootstrap - [STUB] MemoryStack initialised (in-memory stubs, no persistence).
02:48:04 - [INFO] - CYRAX - Memory stack: conversation, profile, state stores ready. ✓
02:48:04 - [INFO] - CYRAX - Initialising dispatcher...
02:48:04 - [INFO] - CYRAX - Dispatcher: stub orchestrator active. ✓
02:48:04 - [INFO] - CYRAX - Assembling CyraxContext...
02:55:58 - [INFO] - CYRAX - ============================================================
02:55:58 - [INFO] - CYRAX - CYRAX 3.0 BOOT SEQUENCE — Phase 1 (Synchronous)
02:55:58 - [INFO] - CYRAX - ============================================================
02:55:58 - [INFO] - CYRAX.bootstrap - Validating environment configuration...
02:55:58 - [WARNING] - CYRAX.bootstrap - [STUB BOOT] Optional env var not set: CYRAX_EMAIL — dependent features will be unavailable.
02:55:58 - [WARNING] - CYRAX.bootstrap - [STUB BOOT] Optional env var not set: CYRAX_EMAIL_PASSWORD — dependent features will be unavailable.
02:55:58 - [INFO] - CYRAX.bootstrap - Environment validation passed.
02:55:58 - [INFO] - CYRAX - Initialising tool registry...
02:55:58 - [INFO] - CYRAX.bootstrap - [STUB] ToolRegistry: 9 tools registered (stub entries, no real execution).
02:55:58 - [INFO] - CYRAX - Tool registry: 9 tools mounted. ✓
02:55:58 - [INFO] - CYRAX - Initialising brain router...
02:55:58 - [INFO] - CYRAX - Brain router: stub provider active. ✓
02:55:58 - [INFO] - CYRAX - Initialising memory stack...
02:55:58 - [INFO] - CYRAX.bootstrap - [STUB] MemoryStack initialised (in-memory stubs, no persistence).
02:55:58 - [INFO] - CYRAX - Memory stack: conversation, profile, state stores ready. ✓
02:55:58 - [INFO] - CYRAX - Initialising dispatcher...
02:55:58 - [INFO] - CYRAX - Dispatcher: stub orchestrator active. ✓
02:55:58 - [INFO] - CYRAX - Assembling CyraxContext...
02:56:12 - [INFO] - CYRAX - ============================================================
02:56:12 - [INFO] - CYRAX - CYRAX 3.0 BOOT SEQUENCE — Phase 1 (Synchronous)
02:56:12 - [INFO] - CYRAX - ============================================================
02:56:12 - [INFO] - CYRAX.bootstrap - Validating environment configuration...
02:56:12 - [WARNING] - CYRAX.bootstrap - [STUB BOOT] Optional env var not set: CYRAX_EMAIL — dependent features will be unavailable.
02:56:12 - [WARNING] - CYRAX.bootstrap - [STUB BOOT] Optional env var not set: CYRAX_EMAIL_PASSWORD — dependent features will be unavailable.
02:56:12 - [INFO] - CYRAX.bootstrap - Environment validation passed.
02:56:12 - [INFO] - CYRAX - Initialising tool registry...
02:56:12 - [INFO] - CYRAX.bootstrap - [STUB] ToolRegistry: 9 tools registered (stub entries, no real execution).
02:56:12 - [INFO] - CYRAX - Tool registry: 9 tools mounted. ✓
02:56:12 - [INFO] - CYRAX - Initialising brain router...
02:56:12 - [INFO] - CYRAX - Brain router: stub provider active. ✓
02:56:12 - [INFO] - CYRAX - Initialising memory stack...
02:56:12 - [INFO] - CYRAX.bootstrap - [STUB] MemoryStack initialised (in-memory stubs, no persistence).
02:56:12 - [INFO] - CYRAX - Memory stack: conversation, profile, state stores ready. ✓
02:56:12 - [INFO] - CYRAX - Initialising dispatcher...
02:56:12 - [INFO] - CYRAX - Dispatcher: stub orchestrator active. ✓
02:56:12 - [INFO] - CYRAX - Assembling CyraxContext...
13:23:16 - [INFO] - CYRAX - ============================================================
13:23:16 - [INFO] - CYRAX - CYRAX 3.0 BOOT SEQUENCE — Phase 1 (Synchronous)
13:23:16 - [INFO] - CYRAX - ============================================================
13:23:16 - [INFO] - CYRAX.bootstrap - Validating environment configuration...
13:23:16 - [WARNING] - CYRAX.bootstrap - [STUB BOOT] Optional env var not set: CYRAX_EMAIL — dependent features will be unavailable.
13:23:16 - [WARNING] - CYRAX.bootstrap - [STUB BOOT] Optional env var not set: CYRAX_EMAIL_PASSWORD — dependent features will be unavailable.
13:23:16 - [INFO] - CYRAX.bootstrap - Environment validation passed.
13:23:16 - [INFO] - CYRAX - Initialising tool registry...
13:23:16 - [INFO] - CYRAX.bootstrap - [STUB] ToolRegistry: 9 tools registered (stub entries, no real execution).
13:23:16 - [INFO] - CYRAX - Tool registry: 9 tools mounted. ✓
13:23:16 - [INFO] - CYRAX - Initialising brain router...
13:23:16 - [INFO] - CYRAX - Brain router: stub provider active. ✓
13:23:16 - [INFO] - CYRAX - Initialising memory stack...
13:23:16 - [INFO] - CYRAX.bootstrap - [STUB] MemoryStack initialised (in-memory stubs, no persistence).
13:23:16 - [INFO] - CYRAX - Memory stack: conversation, profile, state stores ready. ✓
13:23:16 - [INFO] - CYRAX - Initialising dispatcher...
13:23:16 - [INFO] - CYRAX - Dispatcher: stub orchestrator active. ✓
13:23:16 - [INFO] - CYRAX - Assembling CyraxContext...
